

================================================================
== Vitis HLS Report for 'ecg_cnn_top_Pipeline_VITIS_LOOP_325_1_VITIS_LOOP_327_2'
================================================================
* Date:           Tue Mar 31 12:28:15 2026

* Version:        2025.1 (Build 6135595 on May 21 2025)
* Project:        ecg_cnn_top
* Solution:       hls (Vivado IP Flow Target)
* Product family: zynq
* Target device:  xc7z020-clg400-1


================================================================
== Performance Estimates
================================================================
+ Timing: 
    * Summary: 
    +--------+----------+-----------+------------+
    |  Clock |  Target  | Estimated | Uncertainty|
    +--------+----------+-----------+------------+
    |ap_clk  |  15.00 ns|  12.121 ns|     4.05 ns|
    +--------+----------+-----------+------------+

+ Latency: 
    * Summary: 
    +---------+---------+----------+----------+-----+-----+------------------------------------------------+
    |  Latency (cycles) |  Latency (absolute) |  Interval |                    Pipeline                    |
    |   min   |   max   |    min   |    max   | min | max |                      Type                      |
    +---------+---------+----------+----------+-----+-----+------------------------------------------------+
    |      496|      496|  7.440 us|  7.440 us|  483|  483|  loop auto-rewind stp (delay=0 clock cycles(s))|
    +---------+---------+----------+----------+-----+-----+------------------------------------------------+

    + Detail: 
        * Instance: 
        N/A

        * Loop: 
        +-------------------------------------+---------+---------+----------+-----------+-----------+------+----------+
        |                                     |  Latency (cycles) | Iteration|  Initiation Interval  | Trip |          |
        |              Loop Name              |   min   |   max   |  Latency |  achieved |   target  | Count| Pipelined|
        +-------------------------------------+---------+---------+----------+-----------+-----------+------+----------+
        |- VITIS_LOOP_325_1_VITIS_LOOP_327_2  |      494|      494|        18|          3|          1|   160|       yes|
        +-------------------------------------+---------+---------+----------+-----------+-----------+------+----------+



================================================================
== Utilization Estimates
================================================================
* Summary: 
+-----------------+---------+-----+--------+-------+-----+
|       Name      | BRAM_18K| DSP |   FF   |  LUT  | URAM|
+-----------------+---------+-----+--------+-------+-----+
|DSP              |        -|    -|       -|      -|    -|
|Expression       |        -|    -|       0|    312|    -|
|FIFO             |        -|    -|       -|      -|    -|
|Instance         |        -|    -|       0|    142|    -|
|Memory           |        1|    -|       8|      1|    -|
|Multiplexer      |        -|    -|       0|    268|    -|
|Register         |        -|    -|    1024|    192|    -|
+-----------------+---------+-----+--------+-------+-----+
|Total            |        1|    0|    1032|    915|    0|
+-----------------+---------+-----+--------+-------+-----+
|Available        |      280|  220|  106400|  53200|    0|
+-----------------+---------+-----+--------+-------+-----+
|Utilization (%)  |       ~0|    0|      ~0|      1|    0|
+-----------------+---------+-----+--------+-------+-----+

+ Detail: 
    * Instance: 
    +----------------------------+-----------------------+---------+----+---+-----+-----+
    |          Instance          |         Module        | BRAM_18K| DSP| FF| LUT | URAM|
    +----------------------------+-----------------------+---------+----+---+-----+-----+
    |sparsemux_65_5_32_1_1_U257  |sparsemux_65_5_32_1_1  |        0|   0|  0|  142|    0|
    +----------------------------+-----------------------+---------+----+---+-----+-----+
    |Total                       |                       |        0|   0|  0|  142|    0|
    +----------------------------+-----------------------+---------+----+---+-----+-----+

    * DSP: 
    N/A

    * Memory: 
    +------------+-----------------------------------------------------------------------------+---------+---+----+-----+------+-----+------+-------------+
    |   Memory   |                                    Module                                   | BRAM_18K| FF| LUT| URAM| Words| Bits| Banks| W*Bits*Banks|
    +------------+-----------------------------------------------------------------------------+---------+---+----+-----+------+-----+------+-------------+
    |output_b_U  |ecg_cnn_top_Pipeline_VITIS_LOOP_325_1_VITIS_LOOP_327_2_output_b_ROM_AUTO_1R  |        0|  8|   1|    0|     5|    8|     1|           40|
    |output_w_U  |ecg_cnn_top_Pipeline_VITIS_LOOP_325_1_VITIS_LOOP_327_2_output_w_ROM_AUTO_1R  |        1|  0|   0|    0|   160|    8|     1|         1280|
    +------------+-----------------------------------------------------------------------------+---------+---+----+-----+------+-----+------+-------------+
    |Total       |                                                                             |        1|  8|   1|    0|   165|   16|     2|         1320|
    +------------+-----------------------------------------------------------------------------+---------+---+----+-----+------+-----+------+-------------+

    * FIFO: 
    N/A

    * Expression: 
    +--------------------------+----------+----+---+----+------------+------------+
    |       Variable Name      | Operation| DSP| FF| LUT| Bitwidth P0| Bitwidth P1|
    +--------------------------+----------+----+---+----+------------+------------+
    |add_ln325_1_fu_573_p2     |         +|   0|  0|  15|           8|           1|
    |add_ln325_fu_585_p2       |         +|   0|  0|  11|           3|           1|
    |add_ln327_fu_797_p2       |         +|   0|  0|  14|           6|           1|
    |add_ln329_1_fu_640_p2     |         +|   0|  0|   8|           8|           8|
    |add_ln329_fu_646_p2       |         +|   0|  0|   8|           8|           8|
    |add_ln38_1_fu_840_p2      |         +|   0|  0|  14|           9|           6|
    |add_ln38_fu_849_p2        |         +|   0|  0|  14|           9|           4|
    |first_iter_6_fu_613_p2    |      icmp|   0|  0|  14|           6|           1|
    |icmp_ln325_fu_567_p2      |      icmp|   0|  0|  15|           8|           8|
    |icmp_ln327_1_fu_803_p2    |      icmp|   0|  0|  14|           6|           7|
    |icmp_ln327_fu_591_p2      |      icmp|   0|  0|  14|           6|           7|
    |select_ln325_1_fu_901_p3  |    select|   0|  0|  32|           1|          32|
    |select_ln325_2_fu_908_p3  |    select|   0|  0|  32|           1|          32|
    |select_ln325_3_fu_915_p3  |    select|   0|  0|  32|           1|          32|
    |select_ln325_4_fu_922_p3  |    select|   0|  0|  32|           1|          32|
    |select_ln325_5_fu_929_p3  |    select|   0|  0|  32|           1|          32|
    |select_ln325_6_fu_605_p3  |    select|   0|  0|   3|           1|           3|
    |select_ln325_fu_597_p3    |    select|   0|  0|   6|           1|           1|
    |ap_enable_pp0             |       xor|   0|  0|   2|           1|           2|
    +--------------------------+----------+----+---+----+------------+------------+
    |Total                     |          |   0|  0| 312|          85|         218|
    +--------------------------+----------+----+---+----+------------+------------+

    * Multiplexer: 
    +----------------------------------------+----+-----------+-----+-----------+
    |                  Name                  | LUT| Input Size| Bits| Total Bits|
    +----------------------------------------+----+-----------+-----+-----------+
    |acc_fu_234                              |   9|          2|   32|         64|
    |ap_NS_fsm                               |  20|          4|    1|          4|
    |ap_done_int                             |   9|          2|    1|          2|
    |ap_enable_reg_pp0_iter0                 |   9|          2|    1|          2|
    |ap_enable_reg_pp0_iter1                 |   9|          2|    1|          2|
    |ap_sig_allocacmp_acc_load               |  14|          3|   32|         96|
    |ap_sig_allocacmp_i_load                 |   9|          2|    6|         12|
    |ap_sig_allocacmp_indvar_flatten59_load  |   9|          2|    8|         16|
    |ap_sig_allocacmp_o_2_load               |   9|          2|    3|          6|
    |empty_fu_210                            |   9|          2|   32|         64|
    |grp_fu_515_p0                           |  20|          4|   32|        128|
    |grp_fu_515_p1                           |  20|          4|   32|        128|
    |grp_fu_521_p0                           |  14|          3|   32|         96|
    |i_fu_202                                |   9|          2|    6|         12|
    |indvar_flatten59_fu_230                 |   9|          2|    8|         16|
    |mux_case_1112144_fu_214                 |   9|          2|   32|         64|
    |mux_case_11121455_fu_242                |   9|          2|   32|         64|
    |mux_case_2114149_fu_218                 |   9|          2|   32|         64|
    |mux_case_21141507_fu_246                |   9|          2|   32|         64|
    |mux_case_3116154_fu_222                 |   9|          2|   32|         64|
    |mux_case_31161559_fu_250                |   9|          2|   32|         64|
    |mux_case_4118159_fu_226                 |   9|          2|   32|         64|
    |mux_case_411816011_fu_254               |   9|          2|   32|         64|
    |mx_33_fu_238                            |   9|          2|   32|         64|
    |o_2_fu_206                              |   9|          2|    3|          6|
    +----------------------------------------+----+-----------+-----+-----------+
    |Total                                   | 268|         58|  518|       1230|
    +----------------------------------------+----+-----------+-----+-----------+

    * Register: 
    +----------------------------------+----+----+-----+-----------+
    |               Name               | FF | LUT| Bits| Const Bits|
    +----------------------------------+----+----+-----+-----------+
    |acc_3_reg_1309                    |  32|   0|   32|          0|
    |acc_3_reg_1309_pp0_iter4_reg      |  32|   0|   32|          0|
    |acc_fu_234                        |  32|   0|   32|          0|
    |add_ln38_1_reg_1274               |   9|   0|    9|          0|
    |add_ln38_reg_1279                 |   9|   0|    9|          0|
    |ap_CS_fsm                         |   3|   0|    3|          0|
    |ap_done_reg                       |   1|   0|    1|          0|
    |ap_enable_reg_pp0_iter0_reg       |   1|   0|    1|          0|
    |ap_enable_reg_pp0_iter1           |   1|   0|    1|          0|
    |ap_enable_reg_pp0_iter2           |   1|   0|    1|          0|
    |ap_enable_reg_pp0_iter3           |   1|   0|    1|          0|
    |ap_enable_reg_pp0_iter4           |   1|   0|    1|          0|
    |ap_enable_reg_pp0_iter5           |   1|   0|    1|          0|
    |ap_loop_exit_ready_pp0_iter1_reg  |   1|   0|    1|          0|
    |ap_loop_exit_ready_pp0_iter2_reg  |   1|   0|    1|          0|
    |ap_loop_exit_ready_pp0_iter3_reg  |   1|   0|    1|          0|
    |ap_loop_exit_ready_pp0_iter4_reg  |   1|   0|    1|          0|
    |conv1_i26_i_reg_1294              |  32|   0|   32|          0|
    |conv1_i_i_reg_1299                |  32|   0|   32|          0|
    |empty_fu_210                      |  32|   0|   32|          0|
    |first_iter_6_reg_1246             |   1|   0|    1|          0|
    |i_fu_202                          |   6|   0|    6|          0|
    |icmp_ln325_reg_1229               |   1|   0|    1|          0|
    |icmp_ln327_1_reg_1265             |   1|   0|    1|          0|
    |icmp_ln327_reg_1233               |   1|   0|    1|          0|
    |indvar_flatten59_fu_230           |   8|   0|    8|          0|
    |mul_i27_i_reg_1304                |  32|   0|   32|          0|
    |mul_i_reg_1314                    |  32|   0|   32|          0|
    |mux_case_1112144_fu_214           |  32|   0|   32|          0|
    |mux_case_11121455_fu_242          |  32|   0|   32|          0|
    |mux_case_2114149_fu_218           |  32|   0|   32|          0|
    |mux_case_21141507_fu_246          |  32|   0|   32|          0|
    |mux_case_3116154_fu_222           |  32|   0|   32|          0|
    |mux_case_31161559_fu_250          |  32|   0|   32|          0|
    |mux_case_4118159_fu_226           |  32|   0|   32|          0|
    |mux_case_411816011_fu_254         |  32|   0|   32|          0|
    |mx_33_fu_238                      |  32|   0|   32|          0|
    |o_2_fu_206                        |   3|   0|    3|          0|
    |output_b_load_reg_1269            |   8|   0|    8|          0|
    |select_ln325_6_reg_1242           |   3|   0|    3|          0|
    |tmp_5_reg_1260                    |  32|   0|   32|          0|
    |first_iter_6_reg_1246             |  64|  32|    1|          0|
    |icmp_ln325_reg_1229               |  64|  32|    1|          0|
    |icmp_ln327_1_reg_1265             |  64|  32|    1|          0|
    |icmp_ln327_reg_1233               |  64|  32|    1|          0|
    |select_ln325_6_reg_1242           |  64|  32|    3|          0|
    |tmp_5_reg_1260                    |  64|  32|   32|          0|
    +----------------------------------+----+----+-----+-----------+
    |Total                             |1024| 192|  679|          0|
    +----------------------------------+----+----+-----+-----------+



================================================================
== Interface
================================================================
* Summary: 
+-----------------------------------------+-----+-----+------------+--------------------------------------------------------+--------------+
|                RTL Ports                | Dir | Bits|  Protocol  |                      Source Object                     |    C Type    |
+-----------------------------------------+-----+-----+------------+--------------------------------------------------------+--------------+
|ap_clk                                   |   in|    1|  ap_ctrl_hs|  ecg_cnn_top_Pipeline_VITIS_LOOP_325_1_VITIS_LOOP_327_2|  return value|
|ap_rst                                   |   in|    1|  ap_ctrl_hs|  ecg_cnn_top_Pipeline_VITIS_LOOP_325_1_VITIS_LOOP_327_2|  return value|
|ap_start                                 |   in|    1|  ap_ctrl_hs|  ecg_cnn_top_Pipeline_VITIS_LOOP_325_1_VITIS_LOOP_327_2|  return value|
|ap_done                                  |  out|    1|  ap_ctrl_hs|  ecg_cnn_top_Pipeline_VITIS_LOOP_325_1_VITIS_LOOP_327_2|  return value|
|ap_idle                                  |  out|    1|  ap_ctrl_hs|  ecg_cnn_top_Pipeline_VITIS_LOOP_325_1_VITIS_LOOP_327_2|  return value|
|ap_ready                                 |  out|    1|  ap_ctrl_hs|  ecg_cnn_top_Pipeline_VITIS_LOOP_325_1_VITIS_LOOP_327_2|  return value|
|grp_fu_2080_p_din0                       |  out|   32|  ap_ctrl_hs|  ecg_cnn_top_Pipeline_VITIS_LOOP_325_1_VITIS_LOOP_327_2|  return value|
|grp_fu_2080_p_din1                       |  out|   32|  ap_ctrl_hs|  ecg_cnn_top_Pipeline_VITIS_LOOP_325_1_VITIS_LOOP_327_2|  return value|
|grp_fu_2080_p_opcode                     |  out|    1|  ap_ctrl_hs|  ecg_cnn_top_Pipeline_VITIS_LOOP_325_1_VITIS_LOOP_327_2|  return value|
|grp_fu_2080_p_dout0                      |   in|   32|  ap_ctrl_hs|  ecg_cnn_top_Pipeline_VITIS_LOOP_325_1_VITIS_LOOP_327_2|  return value|
|grp_fu_2080_p_ce                         |  out|    1|  ap_ctrl_hs|  ecg_cnn_top_Pipeline_VITIS_LOOP_325_1_VITIS_LOOP_327_2|  return value|
|grp_fu_2084_p_din0                       |  out|   32|  ap_ctrl_hs|  ecg_cnn_top_Pipeline_VITIS_LOOP_325_1_VITIS_LOOP_327_2|  return value|
|grp_fu_2084_p_din1                       |  out|   32|  ap_ctrl_hs|  ecg_cnn_top_Pipeline_VITIS_LOOP_325_1_VITIS_LOOP_327_2|  return value|
|grp_fu_2084_p_dout0                      |   in|   32|  ap_ctrl_hs|  ecg_cnn_top_Pipeline_VITIS_LOOP_325_1_VITIS_LOOP_327_2|  return value|
|grp_fu_2084_p_ce                         |  out|    1|  ap_ctrl_hs|  ecg_cnn_top_Pipeline_VITIS_LOOP_325_1_VITIS_LOOP_327_2|  return value|
|grp_fu_2102_p_din0                       |  out|   32|  ap_ctrl_hs|  ecg_cnn_top_Pipeline_VITIS_LOOP_325_1_VITIS_LOOP_327_2|  return value|
|grp_fu_2102_p_dout0                      |   in|   32|  ap_ctrl_hs|  ecg_cnn_top_Pipeline_VITIS_LOOP_325_1_VITIS_LOOP_327_2|  return value|
|grp_fu_2102_p_ce                         |  out|    1|  ap_ctrl_hs|  ecg_cnn_top_Pipeline_VITIS_LOOP_325_1_VITIS_LOOP_327_2|  return value|
|ecg_cnn_top_float_float_fc2_out_load     |   in|   32|     ap_none|                    ecg_cnn_top_float_float_fc2_out_load|        scalar|
|ecg_cnn_top_float_float_fc2_out_19_load  |   in|   32|     ap_none|                 ecg_cnn_top_float_float_fc2_out_19_load|        scalar|
|ecg_cnn_top_float_float_fc2_out_20_load  |   in|   32|     ap_none|                 ecg_cnn_top_float_float_fc2_out_20_load|        scalar|
|ecg_cnn_top_float_float_fc2_out_21_load  |   in|   32|     ap_none|                 ecg_cnn_top_float_float_fc2_out_21_load|        scalar|
|ecg_cnn_top_float_float_fc2_out_22_load  |   in|   32|     ap_none|                 ecg_cnn_top_float_float_fc2_out_22_load|        scalar|
|ecg_cnn_top_float_float_fc2_out_23_load  |   in|   32|     ap_none|                 ecg_cnn_top_float_float_fc2_out_23_load|        scalar|
|ecg_cnn_top_float_float_fc2_out_24_load  |   in|   32|     ap_none|                 ecg_cnn_top_float_float_fc2_out_24_load|        scalar|
|ecg_cnn_top_float_float_fc2_out_25_load  |   in|   32|     ap_none|                 ecg_cnn_top_float_float_fc2_out_25_load|        scalar|
|ecg_cnn_top_float_float_fc2_out_26_load  |   in|   32|     ap_none|                 ecg_cnn_top_float_float_fc2_out_26_load|        scalar|
|ecg_cnn_top_float_float_fc2_out_27_load  |   in|   32|     ap_none|                 ecg_cnn_top_float_float_fc2_out_27_load|        scalar|
|p_ZZ11ecg_cnn_topPfS_E7fc2_out_10_load   |   in|   32|     ap_none|                  p_ZZ11ecg_cnn_topPfS_E7fc2_out_10_load|        scalar|
|ecg_cnn_top_float_float_fc2_out_56       |   in|   32|     ap_none|                      ecg_cnn_top_float_float_fc2_out_56|        scalar|
|ecg_cnn_top_float_float_fc2_out_57       |   in|   32|     ap_none|                      ecg_cnn_top_float_float_fc2_out_57|        scalar|
|ecg_cnn_top_float_float_fc2_out_58       |   in|   32|     ap_none|                      ecg_cnn_top_float_float_fc2_out_58|        scalar|
|ecg_cnn_top_float_float_fc2_out_59       |   in|   32|     ap_none|                      ecg_cnn_top_float_float_fc2_out_59|        scalar|
|ecg_cnn_top_float_float_fc2_out_60       |   in|   32|     ap_none|                      ecg_cnn_top_float_float_fc2_out_60|        scalar|
|p_ZZ11ecg_cnn_topPfS_E7fc2_out_16_load   |   in|   32|     ap_none|                  p_ZZ11ecg_cnn_topPfS_E7fc2_out_16_load|        scalar|
|p_ZZ11ecg_cnn_topPfS_E7fc2_out_17_load   |   in|   32|     ap_none|                  p_ZZ11ecg_cnn_topPfS_E7fc2_out_17_load|        scalar|
|p_ZZ11ecg_cnn_topPfS_E7fc2_out_18_load   |   in|   32|     ap_none|                  p_ZZ11ecg_cnn_topPfS_E7fc2_out_18_load|        scalar|
|p_ZZ11ecg_cnn_topPfS_E7fc2_out_19_load   |   in|   32|     ap_none|                  p_ZZ11ecg_cnn_topPfS_E7fc2_out_19_load|        scalar|
|p_ZZ11ecg_cnn_topPfS_E7fc2_out_20_load   |   in|   32|     ap_none|                  p_ZZ11ecg_cnn_topPfS_E7fc2_out_20_load|        scalar|
|ecg_cnn_top_float_float_fc2_out_61       |   in|   32|     ap_none|                      ecg_cnn_top_float_float_fc2_out_61|        scalar|
|ecg_cnn_top_float_float_fc2_out_62       |   in|   32|     ap_none|                      ecg_cnn_top_float_float_fc2_out_62|        scalar|
|ecg_cnn_top_float_float_fc2_out_63       |   in|   32|     ap_none|                      ecg_cnn_top_float_float_fc2_out_63|        scalar|
|ecg_cnn_top_float_float_fc2_out_64       |   in|   32|     ap_none|                      ecg_cnn_top_float_float_fc2_out_64|        scalar|
|ecg_cnn_top_float_float_fc2_out_65       |   in|   32|     ap_none|                      ecg_cnn_top_float_float_fc2_out_65|        scalar|
|p_ZZ11ecg_cnn_topPfS_E7fc2_out_26_load   |   in|   32|     ap_none|                  p_ZZ11ecg_cnn_topPfS_E7fc2_out_26_load|        scalar|
|p_ZZ11ecg_cnn_topPfS_E7fc2_out_27_load   |   in|   32|     ap_none|                  p_ZZ11ecg_cnn_topPfS_E7fc2_out_27_load|        scalar|
|p_ZZ11ecg_cnn_topPfS_E7fc2_out_28_load   |   in|   32|     ap_none|                  p_ZZ11ecg_cnn_topPfS_E7fc2_out_28_load|        scalar|
|p_ZZ11ecg_cnn_topPfS_E7fc2_out_29_load   |   in|   32|     ap_none|                  p_ZZ11ecg_cnn_topPfS_E7fc2_out_29_load|        scalar|
|p_ZZ11ecg_cnn_topPfS_E7fc2_out_30_load   |   in|   32|     ap_none|                  p_ZZ11ecg_cnn_topPfS_E7fc2_out_30_load|        scalar|
|ecg_cnn_top_float_float_fc2_out          |   in|   32|     ap_none|                         ecg_cnn_top_float_float_fc2_out|        scalar|
|mux_case_411816011_out                   |  out|   32|      ap_vld|                                  mux_case_411816011_out|       pointer|
|mux_case_411816011_out_ap_vld            |  out|    1|      ap_vld|                                  mux_case_411816011_out|       pointer|
|mux_case_31161559_out                    |  out|   32|      ap_vld|                                   mux_case_31161559_out|       pointer|
|mux_case_31161559_out_ap_vld             |  out|    1|      ap_vld|                                   mux_case_31161559_out|       pointer|
|mux_case_21141507_out                    |  out|   32|      ap_vld|                                   mux_case_21141507_out|       pointer|
|mux_case_21141507_out_ap_vld             |  out|    1|      ap_vld|                                   mux_case_21141507_out|       pointer|
|mux_case_11121455_out                    |  out|   32|      ap_vld|                                   mux_case_11121455_out|       pointer|
|mux_case_11121455_out_ap_vld             |  out|    1|      ap_vld|                                   mux_case_11121455_out|       pointer|
|mx_33_out                                |  out|   32|      ap_vld|                                               mx_33_out|       pointer|
|mx_33_out_ap_vld                         |  out|    1|      ap_vld|                                               mx_33_out|       pointer|
+-----------------------------------------+-----+-----+------------+--------------------------------------------------------+--------------+

