

================================================================
== Vitis HLS Report for 'ecg_cnn_top_Pipeline_VITIS_LOOP_282_2'
================================================================
* Date:           Tue Mar 31 12:28:14 2026

* Version:        2025.1 (Build 6135595 on May 21 2025)
* Project:        ecg_cnn_top
* Solution:       hls (Vivado IP Flow Target)
* Product family: zynq
* Target device:  xc7z020-clg400-1


================================================================
== Performance Estimates
================================================================
+ Timing: 
    * Summary: 
    +--------+----------+-----------+------------+
    |  Clock |  Target  | Estimated | Uncertainty|
    +--------+----------+-----------+------------+
    |ap_clk  |  15.00 ns|  12.121 ns|     4.05 ns|
    +--------+----------+-----------+------------+

+ Latency: 
    * Summary: 
    +---------+---------+----------+----------+-----+-----+------------------------------------------------+
    |  Latency (cycles) |  Latency (absolute) |  Interval |                    Pipeline                    |
    |   min   |   max   |    min   |    max   | min | max |                      Type                      |
    +---------+---------+----------+----------+-----+-----+------------------------------------------------+
    |       37|       37|  0.555 us|  0.555 us|   36|   36|  loop auto-rewind stp (delay=0 clock cycles(s))|
    +---------+---------+----------+----------+-----+-----+------------------------------------------------+

    + Detail: 
        * Instance: 
        N/A

        * Loop: 
        +--------------------+---------+---------+----------+-----------+-----------+------+----------+
        |                    |  Latency (cycles) | Iteration|  Initiation Interval  | Trip |          |
        |      Loop Name     |   min   |   max   |  Latency |  achieved |   target  | Count| Pipelined|
        +--------------------+---------+---------+----------+-----------+-----------+------+----------+
        |- VITIS_LOOP_282_2  |       35|       35|         6|          3|          1|    11|       yes|
        +--------------------+---------+---------+----------+-----------+-----------+------+----------+



================================================================
== Utilization Estimates
================================================================
* Summary: 
+-----------------+---------+-----+--------+-------+-----+
|       Name      | BRAM_18K| DSP |   FF   |  LUT  | URAM|
+-----------------+---------+-----+--------+-------+-----+
|DSP              |        -|    -|       -|      -|    -|
|Expression       |        -|    -|       0|     28|    -|
|FIFO             |        -|    -|       -|      -|    -|
|Instance         |        -|    -|       -|      -|    -|
|Memory           |        -|    -|       -|      -|    -|
|Multiplexer      |        -|    -|       0|     83|    -|
|Register         |        -|    -|      75|      -|    -|
+-----------------+---------+-----+--------+-------+-----+
|Total            |        0|    0|      75|    111|    0|
+-----------------+---------+-----+--------+-------+-----+
|Available        |      280|  220|  106400|  53200|    0|
+-----------------+---------+-----+--------+-------+-----+
|Utilization (%)  |        0|    0|      ~0|     ~0|    0|
+-----------------+---------+-----+--------+-------+-----+

+ Detail: 
    * Instance: 
    N/A

    * DSP: 
    N/A

    * Memory: 
    N/A

    * FIFO: 
    N/A

    * Expression: 
    +---------------------+----------+----+---+----+------------+------------+
    |    Variable Name    | Operation| DSP| FF| LUT| Bitwidth P0| Bitwidth P1|
    +---------------------+----------+----+---+----+------------+------------+
    |add_ln282_fu_95_p2   |         +|   0|  0|  13|           4|           1|
    |icmp_ln282_fu_89_p2  |      icmp|   0|  0|  13|           4|           4|
    |ap_enable_pp0        |       xor|   0|  0|   2|           1|           2|
    +---------------------+----------+----+---+----+------------+------------+
    |Total                |          |   0|  0|  28|           9|           7|
    +---------------------+----------+----+---+----+------------+------------+

    * Multiplexer: 
    +-------------------------+----+-----------+-----+-----------+
    |           Name          | LUT| Input Size| Bits| Total Bits|
    +-------------------------+----+-----------+-----+-----------+
    |ap_NS_fsm                |  20|          4|    1|          4|
    |ap_done_int              |   9|          2|    1|          2|
    |ap_enable_reg_pp0_iter0  |   9|          2|    1|          2|
    |ap_enable_reg_pp0_iter1  |   9|          2|    1|          2|
    |ap_sig_allocacmp_s_load  |   9|          2|   32|         64|
    |ap_sig_allocacmp_t_2     |   9|          2|    4|          8|
    |s_fu_38                  |   9|          2|   32|         64|
    |t_fu_42                  |   9|          2|    4|          8|
    +-------------------------+----+-----------+-----+-----------+
    |Total                    |  83|         18|   76|        154|
    +-------------------------+----+-----------+-----+-----------+

    * Register: 
    +-----------------------------+----+----+-----+-----------+
    |             Name            | FF | LUT| Bits| Const Bits|
    +-----------------------------+----+----+-----+-----------+
    |ap_CS_fsm                    |   3|   0|    3|          0|
    |ap_done_reg                  |   1|   0|    1|          0|
    |ap_enable_reg_pp0_iter0_reg  |   1|   0|    1|          0|
    |ap_enable_reg_pp0_iter1      |   1|   0|    1|          0|
    |icmp_ln282_reg_147           |   1|   0|    1|          0|
    |s4_out_load_reg_156          |  32|   0|   32|          0|
    |s_fu_38                      |  32|   0|   32|          0|
    |t_fu_42                      |   4|   0|    4|          0|
    +-----------------------------+----+----+-----+-----------+
    |Total                        |  75|   0|   75|          0|
    +-----------------------------+----+----+-----+-----------+



================================================================
== Interface
================================================================
* Summary: 
+----------------------+-----+-----+------------+---------------------------------------+--------------+
|       RTL Ports      | Dir | Bits|  Protocol  |             Source Object             |    C Type    |
+----------------------+-----+-----+------------+---------------------------------------+--------------+
|ap_clk                |   in|    1|  ap_ctrl_hs|  ecg_cnn_top_Pipeline_VITIS_LOOP_282_2|  return value|
|ap_rst                |   in|    1|  ap_ctrl_hs|  ecg_cnn_top_Pipeline_VITIS_LOOP_282_2|  return value|
|ap_start              |   in|    1|  ap_ctrl_hs|  ecg_cnn_top_Pipeline_VITIS_LOOP_282_2|  return value|
|ap_done               |  out|    1|  ap_ctrl_hs|  ecg_cnn_top_Pipeline_VITIS_LOOP_282_2|  return value|
|ap_idle               |  out|    1|  ap_ctrl_hs|  ecg_cnn_top_Pipeline_VITIS_LOOP_282_2|  return value|
|ap_ready              |  out|    1|  ap_ctrl_hs|  ecg_cnn_top_Pipeline_VITIS_LOOP_282_2|  return value|
|grp_fu_2080_p_din0    |  out|   32|  ap_ctrl_hs|  ecg_cnn_top_Pipeline_VITIS_LOOP_282_2|  return value|
|grp_fu_2080_p_din1    |  out|   32|  ap_ctrl_hs|  ecg_cnn_top_Pipeline_VITIS_LOOP_282_2|  return value|
|grp_fu_2080_p_opcode  |  out|    1|  ap_ctrl_hs|  ecg_cnn_top_Pipeline_VITIS_LOOP_282_2|  return value|
|grp_fu_2080_p_dout0   |   in|   32|  ap_ctrl_hs|  ecg_cnn_top_Pipeline_VITIS_LOOP_282_2|  return value|
|grp_fu_2080_p_ce      |  out|    1|  ap_ctrl_hs|  ecg_cnn_top_Pipeline_VITIS_LOOP_282_2|  return value|
|zext_ln280            |   in|    6|     ap_none|                             zext_ln280|        scalar|
|s_out                 |  out|   32|      ap_vld|                                  s_out|       pointer|
|s_out_ap_vld          |  out|    1|      ap_vld|                                  s_out|       pointer|
|s4_out_address0       |  out|   10|   ap_memory|                                 s4_out|         array|
|s4_out_ce0            |  out|    1|   ap_memory|                                 s4_out|         array|
|s4_out_q0             |   in|   32|   ap_memory|                                 s4_out|         array|
+----------------------+-----+-----+------------+---------------------------------------+--------------+

============================================================
+ Verbose Summary: Synthesis Manager
============================================================
InlineROM: 1
ExposeGlobal: 0
============================================================
+ Verbose Summary: CDFG Model
============================================================
IsTopModel: 0
ResetActiveHigh: 1
IsCombinational: 2
IsDatapathOnly: 2
HasWiredReturn: 1
HasMFsm: 2
HasVarLatency: 1
IsPipeline: 0
IsRtlPipelined: 0
IsInstanceOverlapped: 0
IsDontTouch: 0
HasImplIP: 0
IsGatedGlobalClock: 0

+ Individual pipeline summary: 
  * Pipeline-0: initiation interval (II) = 3, depth = 6


============================================================
+ Verbose Summary: Schedule
============================================================
* Number of FSM states : 6
* Pipeline : 1
  Pipeline-0 : II = 3, D = 6, States = { 1 2 3 4 5 6 }
* Dataflow Pipeline: 0

* FSM state transitions: 
1 --> 2 
2 --> 3 
3 --> 4 
4 --> 5 
5 --> 6 
6 --> 

* FSM state operations: 

State 1 <SV = 0> <Delay = 4.91>
ST_1 : Operation 9 [1/1] (0.00ns)   --->   "%s = alloca i32 1" [cnn.cpp:281->cnn.cpp:395]   --->   Operation 9 'alloca' 's' <Predicate = true> <Delay = 0.00>
ST_1 : Operation 10 [1/1] (0.00ns)   --->   "%t = alloca i32 1" [cnn.cpp:282->cnn.cpp:395]   --->   Operation 10 'alloca' 't' <Predicate = true> <Delay = 0.00>
ST_1 : Operation 11 [1/1] (0.00ns)   --->   "%zext_ln280_read = read i6 @_ssdm_op_Read.ap_auto.i6, i6 %zext_ln280"   --->   Operation 11 'read' 'zext_ln280_read' <Predicate = true> <Delay = 0.00>
ST_1 : Operation 12 [1/1] (1.58ns)   --->   "%store_ln282 = store i4 0, i4 %t" [cnn.cpp:282->cnn.cpp:395]   --->   Operation 12 'store' 'store_ln282' <Predicate = true> <Delay = 1.58>
ST_1 : Operation 13 [1/1] (1.58ns)   --->   "%store_ln281 = store i32 0, i32 %s" [cnn.cpp:281->cnn.cpp:395]   --->   Operation 13 'store' 'store_ln281' <Predicate = true> <Delay = 1.58>
ST_1 : Operation 14 [1/1] (0.00ns)   --->   "%br_ln0 = br void %for.inc.i260"   --->   Operation 14 'br' 'br_ln0' <Predicate = true> <Delay = 0.00>
ST_1 : Operation 15 [1/1] (0.00ns)   --->   "%t_2 = load i4 %t" [cnn.cpp:282->cnn.cpp:395]   --->   Operation 15 'load' 't_2' <Predicate = true> <Delay = 0.00>
ST_1 : Operation 16 [1/1] (1.73ns)   --->   "%icmp_ln282 = icmp_eq  i4 %t_2, i4 11" [cnn.cpp:282->cnn.cpp:395]   --->   Operation 16 'icmp' 'icmp_ln282' <Predicate = true> <Delay = 1.73> <CoreInst = "Cmp">   --->   Core 9 'Cmp' <Latency = 0> <II = 1> <Delay = 1.73> <FuncUnit> <Opcode : 'seteq' 'setne' 'setle' 'setge' 'setlt' 'setgt'> <InPorts = 2> <OutPorts = 1>
ST_1 : Operation 17 [1/1] (1.73ns)   --->   "%add_ln282 = add i4 %t_2, i4 1" [cnn.cpp:282->cnn.cpp:395]   --->   Operation 17 'add' 'add_ln282' <Predicate = true> <Delay = 1.73> <CoreInst = "Adder">   --->   Core 1 'Adder' <Latency = 0> <II = 1> <Delay = 1.73> <FuncUnit> <Opcode : 'add' 'sub'> <InPorts = 2> <OutPorts = 1>
ST_1 : Operation 18 [1/1] (0.00ns)   --->   "%br_ln282 = br i1 %icmp_ln282, void %for.inc.i260.split, void %for.inc9.i.exitStub" [cnn.cpp:282->cnn.cpp:395]   --->   Operation 18 'br' 'br_ln282' <Predicate = true> <Delay = 0.00>
ST_1 : Operation 19 [1/1] (0.00ns)   --->   "%add_ln = bitconcatenate i10 @_ssdm_op_BitConcatenate.i10.i4.i6, i4 %t_2, i6 %zext_ln280_read" [cnn.cpp:284->cnn.cpp:395]   --->   Operation 19 'bitconcatenate' 'add_ln' <Predicate = (!icmp_ln282)> <Delay = 0.00>
ST_1 : Operation 20 [1/1] (0.00ns)   --->   "%zext_ln284 = zext i10 %add_ln" [cnn.cpp:284->cnn.cpp:395]   --->   Operation 20 'zext' 'zext_ln284' <Predicate = (!icmp_ln282)> <Delay = 0.00>
ST_1 : Operation 21 [1/1] (0.00ns)   --->   "%s4_out_addr = getelementptr i32 %s4_out, i64 0, i64 %zext_ln284" [cnn.cpp:284->cnn.cpp:395]   --->   Operation 21 'getelementptr' 's4_out_addr' <Predicate = (!icmp_ln282)> <Delay = 0.00>
ST_1 : Operation 22 [2/2] (3.25ns)   --->   "%s4_out_load = load i10 %s4_out_addr" [cnn.cpp:284->cnn.cpp:395]   --->   Operation 22 'load' 's4_out_load' <Predicate = (!icmp_ln282)> <Delay = 3.25> <CoreInst = "RAM">   --->   Core 81 'RAM' <Latency = 1> <II = 1> <Delay = 3.25> <Storage> <Opcode : 'load' 'store'> <Ports = 2> <Width = 32> <Depth = 704> <RAM>
ST_1 : Operation 23 [1/1] (1.58ns)   --->   "%store_ln282 = store i4 %add_ln282, i4 %t" [cnn.cpp:282->cnn.cpp:395]   --->   Operation 23 'store' 'store_ln282' <Predicate = (!icmp_ln282)> <Delay = 1.58>

State 2 <SV = 1> <Delay = 3.25>
ST_2 : Operation 24 [1/2] ( I:3.25ns O:3.25ns )   --->   "%s4_out_load = load i10 %s4_out_addr" [cnn.cpp:284->cnn.cpp:395]   --->   Operation 24 'load' 's4_out_load' <Predicate = (!icmp_ln282)> <Delay = 3.25> <CoreInst = "RAM">   --->   Core 81 'RAM' <Latency = 1> <II = 1> <Delay = 3.25> <Storage> <Opcode : 'load' 'store'> <Ports = 2> <Width = 32> <Depth = 704> <RAM>

State 3 <SV = 2> <Delay = 10.5>
ST_3 : Operation 25 [1/1] (0.00ns)   --->   "%s_load = load i32 %s" [cnn.cpp:284->cnn.cpp:395]   --->   Operation 25 'load' 's_load' <Predicate = (!icmp_ln282)> <Delay = 0.00>
ST_3 : Operation 26 [4/4] (10.5ns)   --->   "%s_1 = fadd i32 %s_load, i32 %s4_out_load" [cnn.cpp:284->cnn.cpp:395]   --->   Operation 26 'fadd' 's_1' <Predicate = (!icmp_ln282)> <Delay = 10.5> <CoreInst = "FAddSub_fulldsp">   --->   Core 18 'FAddSub_fulldsp' <Latency = 3> <II = 1> <Delay = 10.5> <FuncUnit> <Opcode : 'fadd' 'fsub'> <InPorts = 2> <OutPorts = 1>
ST_3 : Operation 35 [1/1] (0.00ns)   --->   "%s_load_1 = load i32 %s"   --->   Operation 35 'load' 's_load_1' <Predicate = (icmp_ln282)> <Delay = 0.00>
ST_3 : Operation 36 [1/1] (0.00ns)   --->   "%write_ln0 = write void @_ssdm_op_Write.ap_auto.floatP0A, i32 %s_out, i32 %s_load_1"   --->   Operation 36 'write' 'write_ln0' <Predicate = (icmp_ln282)> <Delay = 0.00>
ST_3 : Operation 37 [1/1] (1.58ns)   --->   "%ret_ln0 = ret"   --->   Operation 37 'ret' 'ret_ln0' <Predicate = (icmp_ln282)> <Delay = 1.58>

State 4 <SV = 3> <Delay = 10.5>
ST_4 : Operation 27 [3/4] (10.5ns)   --->   "%s_1 = fadd i32 %s_load, i32 %s4_out_load" [cnn.cpp:284->cnn.cpp:395]   --->   Operation 27 'fadd' 's_1' <Predicate = true> <Delay = 10.5> <CoreInst = "FAddSub_fulldsp">   --->   Core 18 'FAddSub_fulldsp' <Latency = 3> <II = 1> <Delay = 10.5> <FuncUnit> <Opcode : 'fadd' 'fsub'> <InPorts = 2> <OutPorts = 1>

State 5 <SV = 4> <Delay = 10.5>
ST_5 : Operation 28 [2/4] (10.5ns)   --->   "%s_1 = fadd i32 %s_load, i32 %s4_out_load" [cnn.cpp:284->cnn.cpp:395]   --->   Operation 28 'fadd' 's_1' <Predicate = true> <Delay = 10.5> <CoreInst = "FAddSub_fulldsp">   --->   Core 18 'FAddSub_fulldsp' <Latency = 3> <II = 1> <Delay = 10.5> <FuncUnit> <Opcode : 'fadd' 'fsub'> <InPorts = 2> <OutPorts = 1>

State 6 <SV = 5> <Delay = 12.1>
ST_6 : Operation 29 [1/1] (0.00ns)   --->   "%specpipeline_ln283 = specpipeline void @_ssdm_op_SpecPipeline, i32 1, i32 0, i32 0, i32 0, void @empty_22" [cnn.cpp:283->cnn.cpp:395]   --->   Operation 29 'specpipeline' 'specpipeline_ln283' <Predicate = true> <Delay = 0.00>
ST_6 : Operation 30 [1/1] (0.00ns)   --->   "%speclooptripcount_ln281 = speclooptripcount void @_ssdm_op_SpecLoopTripCount, i64 11, i64 11, i64 11" [cnn.cpp:281->cnn.cpp:395]   --->   Operation 30 'speclooptripcount' 'speclooptripcount_ln281' <Predicate = true> <Delay = 0.00>
ST_6 : Operation 31 [1/1] (0.00ns)   --->   "%specloopname_ln282 = specloopname void @_ssdm_op_SpecLoopName, void @empty_4" [cnn.cpp:282->cnn.cpp:395]   --->   Operation 31 'specloopname' 'specloopname_ln282' <Predicate = true> <Delay = 0.00>
ST_6 : Operation 32 [1/4] (10.5ns)   --->   "%s_1 = fadd i32 %s_load, i32 %s4_out_load" [cnn.cpp:284->cnn.cpp:395]   --->   Operation 32 'fadd' 's_1' <Predicate = true> <Delay = 10.5> <CoreInst = "FAddSub_fulldsp">   --->   Core 18 'FAddSub_fulldsp' <Latency = 3> <II = 1> <Delay = 10.5> <FuncUnit> <Opcode : 'fadd' 'fsub'> <InPorts = 2> <OutPorts = 1>
ST_6 : Operation 33 [1/1] (1.58ns)   --->   "%store_ln281 = store i32 %s_1, i32 %s" [cnn.cpp:281->cnn.cpp:395]   --->   Operation 33 'store' 'store_ln281' <Predicate = true> <Delay = 1.58>
ST_6 : Operation 34 [1/1] (0.00ns)   --->   "%br_ln282 = br void %for.inc.i260" [cnn.cpp:282->cnn.cpp:395]   --->   Operation 34 'br' 'br_ln282' <Predicate = true> <Delay = 0.00>


============================================================
+ Verbose Summary: Binding
============================================================
STG Binding: 
---------------- STG Properties BEGIN ----------------
- Is combinational: 0
- Is one-state seq: 0
- Is datapath-only: 0
- Is pipelined: 0
- Is top level: 0
Port [ Return ] is wired: 1; IO mode=ap_ctrl_hs:ce=0
Port [ zext_ln280]:  wired=1; compound=0; hidden=0; nouse=0; global=0; static=0; extern=0; dir=0; type=0; pingpong=0; private_global=0; IO mode=ap_none:ce=0
Port [ s_out]:  wired=1; compound=0; hidden=0; nouse=0; global=0; static=0; extern=0; dir=1; type=0; pingpong=0; private_global=0; IO mode=ap_vld:ce=0
Port [ s4_out]:  wired=1; compound=1; hidden=0; nouse=0; global=1; static=1; extern=0; dir=0; type=1; pingpong=0; private_global=0; MemPort=[13]; IO mode=ap_memory:ce=0
---------------- STG Properties END ------------------

---------------- Datapath Model BEGIN ----------------

<LifeTime>
<method=bitvector/>
s                       (alloca           ) [ 0111111]
t                       (alloca           ) [ 0100000]
zext_ln280_read         (read             ) [ 0000000]
store_ln282             (store            ) [ 0000000]
store_ln281             (store            ) [ 0000000]
br_ln0                  (br               ) [ 0000000]
t_2                     (load             ) [ 0000000]
icmp_ln282              (icmp             ) [ 0111000]
add_ln282               (add              ) [ 0000000]
br_ln282                (br               ) [ 0000000]
add_ln                  (bitconcatenate   ) [ 0000000]
zext_ln284              (zext             ) [ 0000000]
s4_out_addr             (getelementptr    ) [ 0010000]
store_ln282             (store            ) [ 0000000]
s4_out_load             (load             ) [ 0111111]
s_load                  (load             ) [ 0111111]
specpipeline_ln283      (specpipeline     ) [ 0000000]
speclooptripcount_ln281 (speclooptripcount) [ 0000000]
specloopname_ln282      (specloopname     ) [ 0000000]
s_1                     (fadd             ) [ 0000000]
store_ln281             (store            ) [ 0000000]
br_ln282                (br               ) [ 0000000]
s_load_1                (load             ) [ 0000000]
write_ln0               (write            ) [ 0000000]
ret_ln0                 (ret              ) [ 0000000]
</LifeTime>

<model>

<comp_list>
<comp id="0" class="1000" name="zext_ln280">
<pin_list>
<pin id="1" dir="1" index="0" bw="1" slack="0"/>
</pin_list>
<bind>
<StgValue><ssdm name="zext_ln280"/></StgValue>
</bind>
</comp>

<comp id="2" class="1000" name="s_out">
<pin_list>
<pin id="3" dir="1" index="0" bw="1" slack="0"/>
</pin_list>
<bind>
<StgValue><ssdm name="s_out"/></StgValue>
</bind>
</comp>

<comp id="4" class="1000" name="s4_out">
<pin_list>
<pin id="5" dir="1" index="0" bw="1" slack="0"/>
</pin_list>
<bind>
<StgValue><ssdm name="s4_out"/><MemPortTyVec>1 3 </MemPortTyVec>
</StgValue>
</bind>
</comp>

<comp id="6" class="1001" name="const_6">
<pin_list>
<pin id="7" dir="1" index="0" bw="1" slack="0"/>
</pin_list>
<bind>
<StgValue><ssdm name=""/></StgValue>
</bind>
</comp>

<comp id="8" class="1001" name="const_8">
<pin_list>
<pin id="9" dir="1" index="0" bw="1" slack="0"/>
</pin_list>
<bind>
<StgValue><ssdm name="_ssdm_op_Read.ap_auto.i6"/></StgValue>
</bind>
</comp>

<comp id="10" class="1001" name="const_10">
<pin_list>
<pin id="11" dir="1" index="0" bw="1" slack="0"/>
</pin_list>
<bind>
<StgValue><ssdm name=""/></StgValue>
</bind>
</comp>

<comp id="12" class="1001" name="const_12">
<pin_list>
<pin id="13" dir="1" index="0" bw="1" slack="0"/>
</pin_list>
<bind>
<StgValue><ssdm name=""/></StgValue>
</bind>
</comp>

<comp id="14" class="1001" name="const_14">
<pin_list>
<pin id="15" dir="1" index="0" bw="1" slack="0"/>
</pin_list>
<bind>
<StgValue><ssdm name=""/></StgValue>
</bind>
</comp>

<comp id="16" class="1001" name="const_16">
<pin_list>
<pin id="17" dir="1" index="0" bw="1" slack="0"/>
</pin_list>
<bind>
<StgValue><ssdm name=""/></StgValue>
</bind>
</comp>

<comp id="18" class="1001" name="const_18">
<pin_list>
<pin id="19" dir="1" index="0" bw="1" slack="0"/>
</pin_list>
<bind>
<StgValue><ssdm name="_ssdm_op_BitConcatenate.i10.i4.i6"/></StgValue>
</bind>
</comp>

<comp id="20" class="1001" name="const_20">
<pin_list>
<pin id="21" dir="1" index="0" bw="1" slack="0"/>
</pin_list>
<bind>
<StgValue><ssdm name=""/></StgValue>
</bind>
</comp>

<comp id="22" class="1001" name="const_22">
<pin_list>
<pin id="23" dir="1" index="0" bw="1" slack="2147483647"/>
</pin_list>
<bind>
<StgValue><ssdm name="_ssdm_op_SpecPipeline"/></StgValue>
</bind>
</comp>

<comp id="24" class="1001" name="const_24">
<pin_list>
<pin id="25" dir="1" index="0" bw="1" slack="2147483647"/>
</pin_list>
<bind>
<StgValue><ssdm name=""/></StgValue>
</bind>
</comp>

<comp id="26" class="1001" name="const_26">
<pin_list>
<pin id="27" dir="1" index="0" bw="1" slack="2147483647"/>
</pin_list>
<bind>
<StgValue><ssdm name="empty_22"/></StgValue>
</bind>
</comp>

<comp id="28" class="1001" name="const_28">
<pin_list>
<pin id="29" dir="1" index="0" bw="1" slack="2147483647"/>
</pin_list>
<bind>
<StgValue><ssdm name="_ssdm_op_SpecLoopTripCount"/></StgValue>
</bind>
</comp>

<comp id="30" class="1001" name="const_30">
<pin_list>
<pin id="31" dir="1" index="0" bw="1" slack="2147483647"/>
</pin_list>
<bind>
<StgValue><ssdm name=""/></StgValue>
</bind>
</comp>

<comp id="32" class="1001" name="const_32">
<pin_list>
<pin id="33" dir="1" index="0" bw="1" slack="2147483647"/>
</pin_list>
<bind>
<StgValue><ssdm name="_ssdm_op_SpecLoopName"/></StgValue>
</bind>
</comp>

<comp id="34" class="1001" name="const_34">
<pin_list>
<pin id="35" dir="1" index="0" bw="1" slack="2147483647"/>
</pin_list>
<bind>
<StgValue><ssdm name="empty_4"/></StgValue>
</bind>
</comp>

<comp id="36" class="1001" name="const_36">
<pin_list>
<pin id="37" dir="1" index="0" bw="1" slack="0"/>
</pin_list>
<bind>
<StgValue><ssdm name="_ssdm_op_Write.ap_auto.floatP0A"/></StgValue>
</bind>
</comp>

<comp id="38" class="1004" name="s_fu_38">
<pin_list>
<pin id="39" dir="0" index="0" bw="1" slack="0"/>
<pin id="40" dir="1" index="1" bw="32" slack="0"/>
</pin_list>
<bind>
<opcode="alloca(26) " fcode="alloca"/>
<opset="s/1 "/>
</bind>
</comp>

<comp id="42" class="1004" name="t_fu_42">
<pin_list>
<pin id="43" dir="0" index="0" bw="1" slack="0"/>
<pin id="44" dir="1" index="1" bw="4" slack="0"/>
</pin_list>
<bind>
<opcode="alloca(26) " fcode="alloca"/>
<opset="t/1 "/>
</bind>
</comp>

<comp id="46" class="1004" name="zext_ln280_read_read_fu_46">
<pin_list>
<pin id="47" dir="0" index="0" bw="6" slack="0"/>
<pin id="48" dir="0" index="1" bw="6" slack="0"/>
<pin id="49" dir="1" index="2" bw="6" slack="0"/>
</pin_list>
<bind>
<opcode="read(1150) " fcode="read"/>
<opset="zext_ln280_read/1 "/>
</bind>
</comp>

<comp id="52" class="1004" name="write_ln0_write_fu_52">
<pin_list>
<pin id="53" dir="0" index="0" bw="0" slack="0"/>
<pin id="54" dir="0" index="1" bw="32" slack="0"/>
<pin id="55" dir="0" index="2" bw="32" slack="0"/>
<pin id="56" dir="1" index="3" bw="0" slack="2147483647"/>
</pin_list>
<bind>
<opcode="write(1151) " fcode="write"/>
<opset="write_ln0/3 "/>
</bind>
</comp>

<comp id="59" class="1004" name="s4_out_addr_gep_fu_59">
<pin_list>
<pin id="60" dir="0" index="0" bw="32" slack="0"/>
<pin id="61" dir="0" index="1" bw="1" slack="0"/>
<pin id="62" dir="0" index="2" bw="10" slack="0"/>
<pin id="63" dir="1" index="3" bw="10" slack="0"/>
</pin_list>
<bind>
<opcode="getelementptr(29) " fcode="getelementptr"/>
<opset="s4_out_addr/1 "/>
</bind>
</comp>

<comp id="66" class="1004" name="grp_access_fu_66">
<pin_list>
<pin id="67" dir="0" index="0" bw="10" slack="0"/>
<pin id="68" dir="0" index="1" bw="32" slack="2147483647"/>
<pin id="69" dir="0" index="2" bw="0" slack="2147483647"/>
<pin id="70" dir="1" index="3" bw="32" slack="1"/>
</pin_list>
<bind>
<opcode="load(27) " fcode="load"/>
<opset="s4_out_load/1 "/>
</bind>
</comp>

<comp id="72" class="1004" name="grp_fu_72">
<pin_list>
<pin id="73" dir="0" index="0" bw="32" slack="0"/>
<pin id="74" dir="0" index="1" bw="32" slack="1"/>
<pin id="75" dir="1" index="2" bw="32" slack="0"/>
</pin_list>
<bind>
<opcode="fadd(9) " fcode="fadd"/>
<opset="s_1/3 "/>
</bind>
</comp>

<comp id="76" class="1004" name="store_ln282_store_fu_76">
<pin_list>
<pin id="77" dir="0" index="0" bw="1" slack="0"/>
<pin id="78" dir="0" index="1" bw="4" slack="0"/>
<pin id="79" dir="1" index="2" bw="0" slack="2147483647"/>
</pin_list>
<bind>
<opcode="store(28) " fcode="store"/>
<opset="store_ln282/1 "/>
</bind>
</comp>

<comp id="81" class="1004" name="store_ln281_store_fu_81">
<pin_list>
<pin id="82" dir="0" index="0" bw="32" slack="0"/>
<pin id="83" dir="0" index="1" bw="32" slack="0"/>
<pin id="84" dir="1" index="2" bw="0" slack="2147483647"/>
</pin_list>
<bind>
<opcode="store(28) " fcode="store"/>
<opset="store_ln281/1 "/>
</bind>
</comp>

<comp id="86" class="1004" name="t_2_load_fu_86">
<pin_list>
<pin id="87" dir="0" index="0" bw="4" slack="0"/>
<pin id="88" dir="1" index="1" bw="4" slack="0"/>
</pin_list>
<bind>
<opcode="load(27) " fcode="load"/>
<opset="t_2/1 "/>
</bind>
</comp>

<comp id="89" class="1004" name="icmp_ln282_fu_89">
<pin_list>
<pin id="90" dir="0" index="0" bw="4" slack="0"/>
<pin id="91" dir="0" index="1" bw="4" slack="0"/>
<pin id="92" dir="1" index="2" bw="1" slack="1"/>
</pin_list>
<bind>
<opcode="icmp(45) " fcode="icmp"/>
<opset="icmp_ln282/1 "/>
</bind>
</comp>

<comp id="95" class="1004" name="add_ln282_fu_95">
<pin_list>
<pin id="96" dir="0" index="0" bw="4" slack="0"/>
<pin id="97" dir="0" index="1" bw="1" slack="0"/>
<pin id="98" dir="1" index="2" bw="4" slack="0"/>
</pin_list>
<bind>
<opcode="add(8) " fcode="add"/>
<opset="add_ln282/1 "/>
</bind>
</comp>

<comp id="101" class="1004" name="add_ln_fu_101">
<pin_list>
<pin id="102" dir="0" index="0" bw="10" slack="0"/>
<pin id="103" dir="0" index="1" bw="4" slack="0"/>
<pin id="104" dir="0" index="2" bw="6" slack="0"/>
<pin id="105" dir="1" index="3" bw="10" slack="0"/>
</pin_list>
<bind>
<opcode="bitconcatenate(1004) " fcode="bitconcatenate"/>
<opset="add_ln/1 "/>
</bind>
</comp>

<comp id="109" class="1004" name="zext_ln284_fu_109">
<pin_list>
<pin id="110" dir="0" index="0" bw="10" slack="0"/>
<pin id="111" dir="1" index="1" bw="64" slack="0"/>
</pin_list>
<bind>
<opcode="zext(34) " fcode="zext"/>
<opset="zext_ln284/1 "/>
</bind>
</comp>

<comp id="114" class="1004" name="store_ln282_store_fu_114">
<pin_list>
<pin id="115" dir="0" index="0" bw="4" slack="0"/>
<pin id="116" dir="0" index="1" bw="4" slack="0"/>
<pin id="117" dir="1" index="2" bw="0" slack="2147483647"/>
</pin_list>
<bind>
<opcode="store(28) " fcode="store"/>
<opset="store_ln282/1 "/>
</bind>
</comp>

<comp id="119" class="1004" name="s_load_load_fu_119">
<pin_list>
<pin id="120" dir="0" index="0" bw="32" slack="2"/>
<pin id="121" dir="1" index="1" bw="32" slack="0"/>
</pin_list>
<bind>
<opcode="load(27) " fcode="load"/>
<opset="s_load/3 "/>
</bind>
</comp>

<comp id="123" class="1004" name="store_ln281_store_fu_123">
<pin_list>
<pin id="124" dir="0" index="0" bw="32" slack="0"/>
<pin id="125" dir="0" index="1" bw="32" slack="5"/>
<pin id="126" dir="1" index="2" bw="0" slack="2147483647"/>
</pin_list>
<bind>
<opcode="store(28) " fcode="store"/>
<opset="store_ln281/6 "/>
</bind>
</comp>

<comp id="128" class="1004" name="s_load_1_load_fu_128">
<pin_list>
<pin id="129" dir="0" index="0" bw="32" slack="2"/>
<pin id="130" dir="1" index="1" bw="32" slack="0"/>
</pin_list>
<bind>
<opcode="load(27) " fcode="load"/>
<opset="s_load_1/3 "/>
</bind>
</comp>

<comp id="132" class="1005" name="s_reg_132">
<pin_list>
<pin id="133" dir="0" index="0" bw="32" slack="0"/>
<pin id="134" dir="1" index="1" bw="32" slack="0"/>
</pin_list>
<bind>
<opset="s "/>
</bind>
</comp>

<comp id="140" class="1005" name="t_reg_140">
<pin_list>
<pin id="141" dir="0" index="0" bw="4" slack="0"/>
<pin id="142" dir="1" index="1" bw="4" slack="0"/>
</pin_list>
<bind>
<opset="t "/>
</bind>
</comp>

<comp id="147" class="1005" name="icmp_ln282_reg_147">
<pin_list>
<pin id="148" dir="0" index="0" bw="1" slack="1"/>
<pin id="149" dir="1" index="1" bw="1" slack="2147483647"/>
</pin_list>
<bind>
<opset="icmp_ln282 "/>
</bind>
</comp>

<comp id="151" class="1005" name="s4_out_addr_reg_151">
<pin_list>
<pin id="152" dir="0" index="0" bw="10" slack="1"/>
<pin id="153" dir="1" index="1" bw="10" slack="1"/>
</pin_list>
<bind>
<opset="s4_out_addr "/>
</bind>
</comp>

<comp id="156" class="1005" name="s4_out_load_reg_156">
<pin_list>
<pin id="157" dir="0" index="0" bw="32" slack="1"/>
<pin id="158" dir="1" index="1" bw="32" slack="1"/>
</pin_list>
<bind>
<opset="s4_out_load "/>
</bind>
</comp>

<comp id="161" class="1005" name="s_load_reg_161">
<pin_list>
<pin id="162" dir="0" index="0" bw="32" slack="1"/>
<pin id="163" dir="1" index="1" bw="32" slack="1"/>
</pin_list>
<bind>
<opset="s_load "/>
</bind>
</comp>

</comp_list>

<net_list>
<net id="41"><net_src comp="6" pin="0"/><net_sink comp="38" pin=0"/></net>

<net id="45"><net_src comp="6" pin="0"/><net_sink comp="42" pin=0"/></net>

<net id="50"><net_src comp="8" pin="0"/><net_sink comp="46" pin=0"/></net>

<net id="51"><net_src comp="0" pin="0"/><net_sink comp="46" pin=1"/></net>

<net id="57"><net_src comp="36" pin="0"/><net_sink comp="52" pin=0"/></net>

<net id="58"><net_src comp="2" pin="0"/><net_sink comp="52" pin=1"/></net>

<net id="64"><net_src comp="4" pin="0"/><net_sink comp="59" pin=0"/></net>

<net id="65"><net_src comp="20" pin="0"/><net_sink comp="59" pin=1"/></net>

<net id="71"><net_src comp="59" pin="3"/><net_sink comp="66" pin=0"/></net>

<net id="80"><net_src comp="10" pin="0"/><net_sink comp="76" pin=0"/></net>

<net id="85"><net_src comp="12" pin="0"/><net_sink comp="81" pin=0"/></net>

<net id="93"><net_src comp="86" pin="1"/><net_sink comp="89" pin=0"/></net>

<net id="94"><net_src comp="14" pin="0"/><net_sink comp="89" pin=1"/></net>

<net id="99"><net_src comp="86" pin="1"/><net_sink comp="95" pin=0"/></net>

<net id="100"><net_src comp="16" pin="0"/><net_sink comp="95" pin=1"/></net>

<net id="106"><net_src comp="18" pin="0"/><net_sink comp="101" pin=0"/></net>

<net id="107"><net_src comp="86" pin="1"/><net_sink comp="101" pin=1"/></net>

<net id="108"><net_src comp="46" pin="2"/><net_sink comp="101" pin=2"/></net>

<net id="112"><net_src comp="101" pin="3"/><net_sink comp="109" pin=0"/></net>

<net id="113"><net_src comp="109" pin="1"/><net_sink comp="59" pin=2"/></net>

<net id="118"><net_src comp="95" pin="2"/><net_sink comp="114" pin=0"/></net>

<net id="122"><net_src comp="119" pin="1"/><net_sink comp="72" pin=0"/></net>

<net id="127"><net_src comp="72" pin="2"/><net_sink comp="123" pin=0"/></net>

<net id="131"><net_src comp="128" pin="1"/><net_sink comp="52" pin=2"/></net>

<net id="135"><net_src comp="38" pin="1"/><net_sink comp="132" pin=0"/></net>

<net id="136"><net_src comp="132" pin="1"/><net_sink comp="81" pin=1"/></net>

<net id="137"><net_src comp="132" pin="1"/><net_sink comp="119" pin=0"/></net>

<net id="138"><net_src comp="132" pin="1"/><net_sink comp="123" pin=1"/></net>

<net id="139"><net_src comp="132" pin="1"/><net_sink comp="128" pin=0"/></net>

<net id="143"><net_src comp="42" pin="1"/><net_sink comp="140" pin=0"/></net>

<net id="144"><net_src comp="140" pin="1"/><net_sink comp="76" pin=1"/></net>

<net id="145"><net_src comp="140" pin="1"/><net_sink comp="86" pin=0"/></net>

<net id="146"><net_src comp="140" pin="1"/><net_sink comp="114" pin=1"/></net>

<net id="150"><net_src comp="89" pin="2"/><net_sink comp="147" pin=0"/></net>

<net id="154"><net_src comp="59" pin="3"/><net_sink comp="151" pin=0"/></net>

<net id="155"><net_src comp="151" pin="1"/><net_sink comp="66" pin=0"/></net>

<net id="159"><net_src comp="66" pin="3"/><net_sink comp="156" pin=0"/></net>

<net id="160"><net_src comp="156" pin="1"/><net_sink comp="72" pin=1"/></net>

<net id="164"><net_src comp="119" pin="1"/><net_sink comp="161" pin=0"/></net>

<net id="165"><net_src comp="161" pin="1"/><net_sink comp="72" pin=0"/></net>

</net_list>

</model> 
---------------- Datapath Model END ------------------

* FSMD analyzer results:
  - Output states:
	Port: s_out | {3 }
	Port: s4_out | {}
 - Input state : 
	Port: ecg_cnn_top_Pipeline_VITIS_LOOP_282_2 : zext_ln280 | {1 }
	Port: ecg_cnn_top_Pipeline_VITIS_LOOP_282_2 : s4_out | {1 2 }
  - Chain level:
	State 1
		store_ln282 : 1
		store_ln281 : 1
		t_2 : 1
		icmp_ln282 : 2
		add_ln282 : 2
		br_ln282 : 3
		add_ln : 2
		zext_ln284 : 3
		s4_out_addr : 4
		s4_out_load : 5
		store_ln282 : 3
	State 2
	State 3
		s_1 : 1
		write_ln0 : 1
	State 4
	State 5
	State 6
		store_ln281 : 1


============================================================
+ Verbose Summary: Datapath Resource usage 
============================================================

* Functional unit list:
|----------|----------------------------|---------|---------|---------|
| Operation|       Functional Unit      |   DSP   |    FF   |   LUT   |
|----------|----------------------------|---------|---------|---------|
|   fadd   |          grp_fu_72         |    2    |   227   |   403   |
|----------|----------------------------|---------|---------|---------|
|   icmp   |      icmp_ln282_fu_89      |    0    |    0    |    13   |
|----------|----------------------------|---------|---------|---------|
|    add   |       add_ln282_fu_95      |    0    |    0    |    13   |
|----------|----------------------------|---------|---------|---------|
|   read   | zext_ln280_read_read_fu_46 |    0    |    0    |    0    |
|----------|----------------------------|---------|---------|---------|
|   write  |    write_ln0_write_fu_52   |    0    |    0    |    0    |
|----------|----------------------------|---------|---------|---------|
|bitconcatenate|        add_ln_fu_101       |    0    |    0    |    0    |
|----------|----------------------------|---------|---------|---------|
|   zext   |      zext_ln284_fu_109     |    0    |    0    |    0    |
|----------|----------------------------|---------|---------|---------|
|   Total  |                            |    2    |   227   |   429   |
|----------|----------------------------|---------|---------|---------|

Memories:
N/A

* Register list:
+-------------------+--------+
|                   |   FF   |
+-------------------+--------+
| icmp_ln282_reg_147|    1   |
|s4_out_addr_reg_151|   10   |
|s4_out_load_reg_156|   32   |
|   s_load_reg_161  |   32   |
|     s_reg_132     |   32   |
|     t_reg_140     |    4   |
+-------------------+--------+
|       Total       |   111  |
+-------------------+--------+

* Multiplexer (MUX) list: 
|------------------|------|------|------|--------||---------||---------||---------|
|       Comp       |  Pin | Size |  BW  | S x BW ||  Delay  ||    FF   ||   LUT   |
|------------------|------|------|------|--------||---------||---------||---------|
| grp_access_fu_66 |  p0  |   2  |  10  |   20   ||    0    ||    9    |
|     grp_fu_72    |  p0  |   2  |  32  |   64   ||    0    ||    9    |
|------------------|------|------|------|--------||---------||---------||---------|
|       Total      |      |      |      |   84   ||  3.176  ||    0    ||    18   |
|------------------|------|------|------|--------||---------||---------||---------|



* Summary:
+-----------+--------+--------+--------+--------+
|           |   DSP  |  Delay |   FF   |   LUT  |
+-----------+--------+--------+--------+--------+
|  Function |    2   |    -   |   227  |   429  |
|   Memory  |    -   |    -   |    -   |    -   |
|Multiplexer|    -   |    3   |    0   |   18   |
|  Register |    -   |    -   |   111  |    -   |
+-----------+--------+--------+--------+--------+
|   Total   |    2   |    3   |   338  |   447  |
+-----------+--------+--------+--------+--------+
